------------------------------------------------------------
Timing Analyzer Summary
------------------------------------------------------------

Type  : Slow 1100mV 85C Model Setup 'KEY[0]'
Slack : -9.288
TNS   : -204.569

Type  : Slow 1100mV 85C Model Setup 'CLOCK_50'
Slack : -7.447
TNS   : -11.944

Type  : Slow 1100mV 85C Model Hold 'KEY[0]'
Slack : 0.272
TNS   : 0.000

Type  : Slow 1100mV 85C Model Hold 'CLOCK_50'
Slack : 0.873
TNS   : 0.000

Type  : Slow 1100mV 85C Model Minimum Pulse Width 'KEY[0]'
Slack : -0.394
TNS   : -24.787

Type  : Slow 1100mV 85C Model Minimum Pulse Width 'CLOCK_50'
Slack : -0.394
TNS   : -2.074

Type  : Slow 1100mV 0C Model Setup 'KEY[0]'
Slack : -9.589
TNS   : -202.471

Type  : Slow 1100mV 0C Model Setup 'CLOCK_50'
Slack : -7.112
TNS   : -11.578

Type  : Slow 1100mV 0C Model Hold 'KEY[0]'
Slack : 0.288
TNS   : 0.000

Type  : Slow 1100mV 0C Model Hold 'CLOCK_50'
Slack : 0.852
TNS   : 0.000

Type  : Slow 1100mV 0C Model Minimum Pulse Width 'KEY[0]'
Slack : -0.394
TNS   : -23.463

Type  : Slow 1100mV 0C Model Minimum Pulse Width 'CLOCK_50'
Slack : -0.394
TNS   : -2.262

Type  : Fast 1100mV 85C Model Setup 'CLOCK_50'
Slack : -4.971
TNS   : -6.448

Type  : Fast 1100mV 85C Model Setup 'KEY[0]'
Slack : -4.171
TNS   : -121.280

Type  : Fast 1100mV 85C Model Hold 'KEY[0]'
Slack : 0.202
TNS   : 0.000

Type  : Fast 1100mV 85C Model Hold 'CLOCK_50'
Slack : 0.469
TNS   : 0.000

Type  : Fast 1100mV 85C Model Minimum Pulse Width 'KEY[0]'
Slack : -0.344
TNS   : -12.770

Type  : Fast 1100mV 85C Model Minimum Pulse Width 'CLOCK_50'
Slack : -0.090
TNS   : -0.356

Type  : Fast 1100mV 0C Model Setup 'CLOCK_50'
Slack : -4.265
TNS   : -5.437

Type  : Fast 1100mV 0C Model Setup 'KEY[0]'
Slack : -3.888
TNS   : -104.705

Type  : Fast 1100mV 0C Model Hold 'KEY[0]'
Slack : 0.191
TNS   : 0.000

Type  : Fast 1100mV 0C Model Hold 'CLOCK_50'
Slack : 0.440
TNS   : 0.000

Type  : Fast 1100mV 0C Model Minimum Pulse Width 'KEY[0]'
Slack : -0.320
TNS   : -12.082

Type  : Fast 1100mV 0C Model Minimum Pulse Width 'CLOCK_50'
Slack : -0.086
TNS   : -0.342

------------------------------------------------------------
